-- Logs begin at Sun 2021-01-03 09:55:51 UTC, end at Sun 2021-01-10 11:53:15 UTC. --
Jan 09 21:11:46 mapryl kernel: Linux version 5.11.0-rc2-thor_kernel-00143-gd30704298edd (root@mapryl) (gcc (GCC) 10.2.0, GNU ld (GNU Binutils) 2.35) #2 SMP Sat Jan 9 20:18:49 UTC 2021
Jan 09 21:11:46 mapryl kernel: Command line: BOOT_IMAGE=/vmlinuz-5.11rc2_x86_64 root=/dev/sda3 ro logo.nologo
Jan 09 21:11:46 mapryl kernel: x86/fpu: Supporting XSAVE feature 0x001: 'x87 floating point registers'
Jan 09 21:11:46 mapryl kernel: x86/fpu: Supporting XSAVE feature 0x002: 'SSE registers'
Jan 09 21:11:46 mapryl kernel: x86/fpu: Supporting XSAVE feature 0x004: 'AVX registers'
Jan 09 21:11:46 mapryl kernel: x86/fpu: xstate_offset[2]:  576, xstate_sizes[2]:  256
Jan 09 21:11:46 mapryl kernel: x86/fpu: Enabled xstate features 0x7, context size is 832 bytes, using 'standard' format.
Jan 09 21:11:46 mapryl kernel: BIOS-provided physical RAM map:
Jan 09 21:11:46 mapryl kernel: BIOS-e820: [mem 0x0000000000000000-0x000000000009fbff] usable
Jan 09 21:11:46 mapryl kernel: BIOS-e820: [mem 0x000000000009fc00-0x000000000009ffff] reserved
Jan 09 21:11:46 mapryl kernel: BIOS-e820: [mem 0x00000000000f0000-0x00000000000fffff] reserved
Jan 09 21:11:46 mapryl kernel: BIOS-e820: [mem 0x0000000000100000-0x00000000dffeffff] usable
Jan 09 21:11:46 mapryl kernel: BIOS-e820: [mem 0x00000000dfff0000-0x00000000dfffffff] ACPI data
Jan 09 21:11:46 mapryl kernel: BIOS-e820: [mem 0x00000000fec00000-0x00000000fec00fff] reserved
Jan 09 21:11:46 mapryl kernel: BIOS-e820: [mem 0x00000000fee00000-0x00000000fee00fff] reserved
Jan 09 21:11:46 mapryl kernel: BIOS-e820: [mem 0x00000000fffc0000-0x00000000ffffffff] reserved
Jan 09 21:11:46 mapryl kernel: BIOS-e820: [mem 0x0000000100000000-0x000000015b0fffff] usable
Jan 09 21:11:46 mapryl kernel: NX (Execute Disable) protection: active
Jan 09 21:11:46 mapryl kernel: SMBIOS 2.5 present.
Jan 09 21:11:46 mapryl kernel: DMI: innotek GmbH VirtualBox/VirtualBox, BIOS VirtualBox 12/01/2006
Jan 09 21:11:46 mapryl kernel: e820: update [mem 0x00000000-0x00000fff] usable ==> reserved
Jan 09 21:11:46 mapryl kernel: e820: remove [mem 0x000a0000-0x000fffff] usable
Jan 09 21:11:46 mapryl kernel: last_pfn = 0x15b100 max_arch_pfn = 0x400000000
Jan 09 21:11:46 mapryl kernel: MTRR default type: uncachable
Jan 09 21:11:46 mapryl kernel: MTRR variable ranges disabled:
Jan 09 21:11:46 mapryl kernel: Disabled
Jan 09 21:11:46 mapryl kernel: x86/PAT: MTRRs disabled, skipping PAT initialization too.
Jan 09 21:11:46 mapryl kernel: CPU MTRRs all blank - virtualized system.
Jan 09 21:11:46 mapryl kernel: x86/PAT: Configuration [0-7]: WB  WT  UC- UC  WB  WT  UC- UC  
Jan 09 21:11:46 mapryl kernel: last_pfn = 0xdfff0 max_arch_pfn = 0x400000000
Jan 09 21:11:46 mapryl kernel: found SMP MP-table at [mem 0x0009fff0-0x0009ffff]
Jan 09 21:11:46 mapryl kernel: check: Scanning 1 areas for low memory corruption
Jan 09 21:11:46 mapryl kernel: ACPI: Early table checksum verification disabled
Jan 09 21:11:46 mapryl kernel: ACPI: RSDP 0x00000000000E0000 000024 (v02 VBOX  )
Jan 09 21:11:46 mapryl kernel: ACPI: XSDT 0x00000000DFFF0030 00003C (v01 VBOX   VBOXXSDT 00000001 ASL  00000061)
Jan 09 21:11:46 mapryl kernel: ACPI: FACP 0x00000000DFFF00F0 0000F4 (v04 VBOX   VBOXFACP 00000001 ASL  00000061)
Jan 09 21:11:46 mapryl kernel: ACPI: DSDT 0x00000000DFFF0480 002325 (v02 VBOX   VBOXBIOS 00000002 INTL 20100528)
Jan 09 21:11:46 mapryl kernel: ACPI: FACS 0x00000000DFFF0200 000040
Jan 09 21:11:46 mapryl kernel: ACPI: FACS 0x00000000DFFF0200 000040
Jan 09 21:11:46 mapryl kernel: ACPI: APIC 0x00000000DFFF0240 00006C (v02 VBOX   VBOXAPIC 00000001 ASL  00000061)
Jan 09 21:11:46 mapryl kernel: ACPI: SSDT 0x00000000DFFF02B0 0001CC (v01 VBOX   VBOXCPUT 00000002 INTL 20100528)
Jan 09 21:11:46 mapryl kernel: ACPI: Local APIC address 0xfee00000
Jan 09 21:11:46 mapryl kernel: No NUMA configuration found
Jan 09 21:11:46 mapryl kernel: Faking a node at [mem 0x0000000000000000-0x000000015b0fffff]
Jan 09 21:11:46 mapryl kernel: NODE_DATA(0) allocated [mem 0x15b0fc000-0x15b0fffff]
Jan 09 21:11:46 mapryl kernel: Zone ranges:
Jan 09 21:11:46 mapryl kernel:   DMA      [mem 0x0000000000001000-0x0000000000ffffff]
Jan 09 21:11:46 mapryl kernel:   DMA32    [mem 0x0000000001000000-0x00000000ffffffff]
Jan 09 21:11:46 mapryl kernel:   Normal   [mem 0x0000000100000000-0x000000015b0fffff]
Jan 09 21:11:46 mapryl kernel: Movable zone start for each node
Jan 09 21:11:46 mapryl kernel: Early memory node ranges
Jan 09 21:11:46 mapryl kernel:   node   0: [mem 0x0000000000001000-0x000000000009efff]
Jan 09 21:11:46 mapryl kernel:   node   0: [mem 0x0000000000100000-0x00000000dffeffff]
Jan 09 21:11:46 mapryl kernel:   node   0: [mem 0x0000000100000000-0x000000015b0fffff]
Jan 09 21:11:46 mapryl kernel: Zeroed struct page in unavailable ranges: 20338 pages
Jan 09 21:11:46 mapryl kernel: Initmem setup node 0 [mem 0x0000000000001000-0x000000015b0fffff]
Jan 09 21:11:46 mapryl kernel: On node 0 totalpages: 1290382
Jan 09 21:11:46 mapryl kernel:   DMA zone: 64 pages used for memmap
Jan 09 21:11:46 mapryl kernel:   DMA zone: 21 pages reserved
Jan 09 21:11:46 mapryl kernel:   DMA zone: 3998 pages, LIFO batch:0
Jan 09 21:11:46 mapryl kernel:   DMA32 zone: 14272 pages used for memmap
Jan 09 21:11:46 mapryl kernel:   DMA32 zone: 913392 pages, LIFO batch:63
Jan 09 21:11:46 mapryl kernel:   Normal zone: 5828 pages used for memmap
Jan 09 21:11:46 mapryl kernel:   Normal zone: 372992 pages, LIFO batch:63
Jan 09 21:11:46 mapryl kernel: ACPI: PM-Timer IO Port: 0x4008
Jan 09 21:11:46 mapryl kernel: ACPI: Local APIC address 0xfee00000
Jan 09 21:11:46 mapryl kernel: IOAPIC[0]: apic_id 4, version 32, address 0xfec00000, GSI 0-23
Jan 09 21:11:46 mapryl kernel: ACPI: INT_SRC_OVR (bus 0 bus_irq 0 global_irq 2 dfl dfl)
Jan 09 21:11:46 mapryl kernel: ACPI: INT_SRC_OVR (bus 0 bus_irq 9 global_irq 9 low level)
Jan 09 21:11:46 mapryl kernel: ACPI: IRQ0 used by override.
Jan 09 21:11:46 mapryl kernel: ACPI: IRQ9 used by override.
Jan 09 21:11:46 mapryl kernel: Using ACPI (MADT) for SMP configuration information
Jan 09 21:11:46 mapryl kernel: smpboot: Allowing 4 CPUs, 0 hotplug CPUs
Jan 09 21:11:46 mapryl kernel: PM: hibernation: Registered nosave memory: [mem 0x00000000-0x00000fff]
Jan 09 21:11:46 mapryl kernel: PM: hibernation: Registered nosave memory: [mem 0x0009f000-0x0009ffff]
Jan 09 21:11:46 mapryl kernel: PM: hibernation: Registered nosave memory: [mem 0x000a0000-0x000effff]
Jan 09 21:11:46 mapryl kernel: PM: hibernation: Registered nosave memory: [mem 0x000f0000-0x000fffff]
Jan 09 21:11:46 mapryl kernel: PM: hibernation: Registered nosave memory: [mem 0xdfff0000-0xdfffffff]
Jan 09 21:11:46 mapryl kernel: PM: hibernation: Registered nosave memory: [mem 0xe0000000-0xfebfffff]
Jan 09 21:11:46 mapryl kernel: PM: hibernation: Registered nosave memory: [mem 0xfec00000-0xfec00fff]
Jan 09 21:11:46 mapryl kernel: PM: hibernation: Registered nosave memory: [mem 0xfec01000-0xfedfffff]
Jan 09 21:11:46 mapryl kernel: PM: hibernation: Registered nosave memory: [mem 0xfee00000-0xfee00fff]
Jan 09 21:11:46 mapryl kernel: PM: hibernation: Registered nosave memory: [mem 0xfee01000-0xfffbffff]
Jan 09 21:11:46 mapryl kernel: PM: hibernation: Registered nosave memory: [mem 0xfffc0000-0xffffffff]
Jan 09 21:11:46 mapryl kernel: [mem 0xe0000000-0xfebfffff] available for PCI devices
Jan 09 21:11:46 mapryl kernel: clocksource: refined-jiffies: mask: 0xffffffff max_cycles: 0xffffffff, max_idle_ns: 1910969940391419 ns
Jan 09 21:11:46 mapryl kernel: setup_percpu: NR_CPUS:64 nr_cpumask_bits:64 nr_cpu_ids:4 nr_node_ids:1
Jan 09 21:11:46 mapryl kernel: percpu: Embedded 52 pages/cpu s173464 r8192 d31336 u524288
Jan 09 21:11:46 mapryl kernel: pcpu-alloc: s173464 r8192 d31336 u524288 alloc=1*2097152
Jan 09 21:11:46 mapryl kernel: pcpu-alloc: [0] 0 1 2 3 
Jan 09 21:11:46 mapryl kernel: Built 1 zonelists, mobility grouping on.  Total pages: 1270197
Jan 09 21:11:46 mapryl kernel: Policy zone: Normal
Jan 09 21:11:46 mapryl kernel: Kernel command line: BOOT_IMAGE=/vmlinuz-5.11rc2_x86_64 root=/dev/sda3 ro logo.nologo
Jan 09 21:11:46 mapryl kernel: Dentry cache hash table entries: 1048576 (order: 11, 8388608 bytes, linear)
Jan 09 21:11:46 mapryl kernel: Inode-cache hash table entries: 524288 (order: 10, 4194304 bytes, linear)
Jan 09 21:11:46 mapryl kernel: mem auto-init: stack:off, heap alloc:off, heap free:off
Jan 09 21:11:46 mapryl kernel: Memory: 4969372K/5161528K available (14350K kernel code, 2517K rwdata, 3428K rodata, 1180K init, 1884K bss, 191896K reserved, 0K cma-reserved)
Jan 09 21:11:46 mapryl kernel: SLUB: HWalign=64, Order=0-3, MinObjects=0, CPUs=4, Nodes=1
Jan 09 21:11:46 mapryl kernel: Kernel/User page tables isolation: enabled
Jan 09 21:11:46 mapryl kernel: rcu: Hierarchical RCU implementation.
Jan 09 21:11:46 mapryl kernel: rcu:         RCU event tracing is enabled.
Jan 09 21:11:46 mapryl kernel: rcu:         RCU restricting CPUs from NR_CPUS=64 to nr_cpu_ids=4.
Jan 09 21:11:46 mapryl kernel: rcu: RCU calculated value of scheduler-enlistment delay is 100 jiffies.
Jan 09 21:11:46 mapryl kernel: rcu: Adjusting geometry for rcu_fanout_leaf=16, nr_cpu_ids=4
Jan 09 21:11:46 mapryl kernel: NR_IRQS: 4352, nr_irqs: 456, preallocated irqs: 16
Jan 09 21:11:46 mapryl kernel: random: get_random_bytes called from start_kernel+0x37c/0x543 with crng_init=0
Jan 09 21:11:46 mapryl kernel: Console: colour dummy device 160x50
Jan 09 21:11:46 mapryl kernel: printk: console [tty0] enabled
Jan 09 21:11:46 mapryl kernel: ACPI: Core revision 20201113
Jan 09 21:11:46 mapryl kernel: APIC: Switch to symmetric I/O mode setup
Jan 09 21:11:46 mapryl kernel: ..TIMER: vector=0x30 apic1=0 pin1=2 apic2=-1 pin2=-1
Jan 09 21:11:46 mapryl kernel: tsc: PIT calibration matches PMTIMER. 1 loops
Jan 09 21:11:46 mapryl kernel: tsc: Detected 3192.822 MHz processor
Jan 09 21:11:46 mapryl kernel: clocksource: tsc-early: mask: 0xffffffffffffffff max_cycles: 0x2e05cd21347, max_idle_ns: 440795264962 ns
Jan 09 21:11:46 mapryl kernel: Calibrating delay loop (skipped), value calculated using timer frequency.. 6385.64 BogoMIPS (lpj=3192822)
Jan 09 21:11:46 mapryl kernel: pid_max: default: 32768 minimum: 301
Jan 09 21:11:46 mapryl kernel: LSM: Security Framework initializing
Jan 09 21:11:46 mapryl kernel: Mount-cache hash table entries: 16384 (order: 5, 131072 bytes, linear)
Jan 09 21:11:46 mapryl kernel: Mountpoint-cache hash table entries: 16384 (order: 5, 131072 bytes, linear)
Jan 09 21:11:46 mapryl kernel: unchecked MSR access error: WRMSR to 0x3a (tried to write 0x0000000000000001) at rIP: 0xffffffff9f233234 (init_ia32_feat_ctl+0x84/0x310)
Jan 09 21:11:46 mapryl kernel: Call Trace:
Jan 09 21:11:46 mapryl kernel:  init_intel+0xb1/0x470
Jan 09 21:11:46 mapryl kernel:  identify_cpu+0x2bb/0x5e0
Jan 09 21:11:46 mapryl kernel:  identify_boot_cpu+0xc/0x94
Jan 09 21:11:46 mapryl kernel:  check_bugs+0x21/0xa96
Jan 09 21:11:46 mapryl kernel:  ? __get_locked_pte+0x169/0x240
Jan 09 21:11:46 mapryl kernel:  start_kernel+0x511/0x543
Jan 09 21:11:46 mapryl kernel:  secondary_startup_64_no_verify+0xc2/0xcb
Jan 09 21:11:46 mapryl kernel: Last level iTLB entries: 4KB 512, 2MB 8, 4MB 8
Jan 09 21:11:46 mapryl kernel: Last level dTLB entries: 4KB 512, 2MB 32, 4MB 32, 1GB 0
Jan 09 21:11:46 mapryl kernel: Spectre V1 : Mitigation: usercopy/swapgs barriers and __user pointer sanitization
Jan 09 21:11:46 mapryl kernel: Spectre V2 : Mitigation: Full generic retpoline
Jan 09 21:11:46 mapryl kernel: Spectre V2 : Spectre v2 / SpectreRSB mitigation: Filling RSB on context switch
Jan 09 21:11:46 mapryl kernel: Speculative Store Bypass: Vulnerable
Jan 09 21:11:46 mapryl kernel: SRBDS: Unknown: Dependent on hypervisor status
Jan 09 21:11:46 mapryl kernel: MDS: Mitigation: Clear CPU buffers
Jan 09 21:11:46 mapryl kernel: Freeing SMP alternatives memory: 40K
Jan 09 21:11:46 mapryl kernel: smpboot: CPU0: Intel(R) Core(TM) i5-3470 CPU @ 3.20GHz (family: 0x6, model: 0x3a, stepping: 0x9)
Jan 09 21:11:46 mapryl kernel: Performance Events: unsupported p6 CPU model 58 no PMU driver, software events only.
Jan 09 21:11:46 mapryl kernel: rcu: Hierarchical SRCU implementation.
Jan 09 21:11:46 mapryl kernel: smp: Bringing up secondary CPUs ...
Jan 09 21:11:46 mapryl kernel: x86: Booting SMP configuration:
Jan 09 21:11:46 mapryl kernel: .... node  #0, CPUs:      #1 #2 #3
Jan 09 21:11:46 mapryl kernel: smp: Brought up 1 node, 4 CPUs
Jan 09 21:11:46 mapryl kernel: smpboot: Max logical packages: 1
Jan 09 21:11:46 mapryl kernel: smpboot: Total of 4 processors activated (25542.57 BogoMIPS)
Jan 09 21:11:46 mapryl kernel: devtmpfs: initialized
Jan 09 21:11:46 mapryl kernel: clocksource: jiffies: mask: 0xffffffff max_cycles: 0xffffffff, max_idle_ns: 1911260446275000 ns
Jan 09 21:11:46 mapryl kernel: futex hash table entries: 1024 (order: 4, 65536 bytes, linear)
Jan 09 21:11:46 mapryl kernel: PM: RTC time: 21:11:42, date: 2021-01-09
Jan 09 21:11:46 mapryl kernel: NET: Registered protocol family 16
Jan 09 21:11:46 mapryl kernel: thermal_sys: Registered thermal governor 'step_wise'
Jan 09 21:11:46 mapryl kernel: thermal_sys: Registered thermal governor 'user_space'
Jan 09 21:11:46 mapryl kernel: cpuidle: using governor menu
Jan 09 21:11:46 mapryl kernel: ACPI: bus type PCI registered
Jan 09 21:11:46 mapryl kernel: PCI: Using configuration type 1 for base access
Jan 09 21:11:46 mapryl kernel: HugeTLB registered 2.00 MiB page size, pre-allocated 0 pages
Jan 09 21:11:46 mapryl kernel: cryptomgr_test (35) used greatest stack depth: 15232 bytes left
Jan 09 21:11:46 mapryl kernel: ACPI: Added _OSI(Module Device)
Jan 09 21:11:46 mapryl kernel: ACPI: Added _OSI(Processor Device)
Jan 09 21:11:46 mapryl kernel: ACPI: Added _OSI(3.0 _SCP Extensions)
Jan 09 21:11:46 mapryl kernel: ACPI: Added _OSI(Processor Aggregator Device)
Jan 09 21:11:46 mapryl kernel: ACPI: Added _OSI(Linux-Dell-Video)
Jan 09 21:11:46 mapryl kernel: ACPI: Added _OSI(Linux-Lenovo-NV-HDMI-Audio)
Jan 09 21:11:46 mapryl kernel: ACPI: Added _OSI(Linux-HPI-Hybrid-Graphics)
Jan 09 21:11:46 mapryl kernel: ACPI: 2 ACPI AML tables successfully acquired and loaded
Jan 09 21:11:46 mapryl kernel: ACPI: Interpreter enabled
Jan 09 21:11:46 mapryl kernel: ACPI: (supports S0 S5)
Jan 09 21:11:46 mapryl kernel: ACPI: Using IOAPIC for interrupt routing
Jan 09 21:11:46 mapryl kernel: PCI: Using host bridge windows from ACPI; if necessary, use "pci=nocrs" and report a bug
Jan 09 21:11:46 mapryl kernel: ACPI: Enabled 2 GPEs in block 00 to 07
Jan 09 21:11:46 mapryl kernel: ACPI: PCI Root Bridge [PCI0] (domain 0000 [bus 00-ff])
Jan 09 21:11:46 mapryl kernel: acpi PNP0A03:00: _OSC: OS supports [ASPM ClockPM Segments MSI HPX-Type3]
Jan 09 21:11:46 mapryl kernel: acpi PNP0A03:00: _OSC: not requesting OS control; OS requires [ExtendedConfig ASPM ClockPM MSI]
Jan 09 21:11:46 mapryl kernel: acpi PNP0A03:00: fail to add MMCONFIG information, can't access extended PCI configuration space under this bridge.
Jan 09 21:11:46 mapryl kernel: PCI host bridge to bus 0000:00
Jan 09 21:11:46 mapryl kernel: pci_bus 0000:00: root bus resource [io  0x0000-0x0cf7 window]
Jan 09 21:11:46 mapryl kernel: pci_bus 0000:00: root bus resource [io  0x0d00-0xffff window]
Jan 09 21:11:46 mapryl kernel: pci_bus 0000:00: root bus resource [mem 0x000a0000-0x000bffff window]
Jan 09 21:11:46 mapryl kernel: pci_bus 0000:00: root bus resource [mem 0xe0000000-0xfdffffff window]
Jan 09 21:11:46 mapryl kernel: pci_bus 0000:00: root bus resource [bus 00-ff]
Jan 09 21:11:46 mapryl kernel: pci 0000:00:00.0: [8086:1237] type 00 class 0x060000
Jan 09 21:11:46 mapryl kernel: pci 0000:00:01.0: [8086:7000] type 00 class 0x060100
Jan 09 21:11:46 mapryl kernel: pci 0000:00:01.1: [8086:7111] type 00 class 0x01018a
Jan 09 21:11:46 mapryl kernel: pci 0000:00:01.1: reg 0x20: [io  0xd000-0xd00f]
Jan 09 21:11:46 mapryl kernel: pci 0000:00:01.1: legacy IDE quirk: reg 0x10: [io  0x01f0-0x01f7]
Jan 09 21:11:46 mapryl kernel: pci 0000:00:01.1: legacy IDE quirk: reg 0x14: [io  0x03f6]
Jan 09 21:11:46 mapryl kernel: pci 0000:00:01.1: legacy IDE quirk: reg 0x18: [io  0x0170-0x0177]
Jan 09 21:11:46 mapryl kernel: pci 0000:00:01.1: legacy IDE quirk: reg 0x1c: [io  0x0376]
Jan 09 21:11:46 mapryl kernel: pci 0000:00:02.0: [15ad:0405] type 00 class 0x030000
Jan 09 21:11:46 mapryl kernel: pci 0000:00:02.0: reg 0x10: [io  0xd010-0xd01f]
Jan 09 21:11:46 mapryl kernel: pci 0000:00:02.0: reg 0x14: [mem 0xe0000000-0xe1ffffff pref]
Jan 09 21:11:46 mapryl kernel: pci 0000:00:02.0: reg 0x18: [mem 0xf0000000-0xf01fffff]
Jan 09 21:11:46 mapryl kernel: pci 0000:00:03.0: [8086:100e] type 00 class 0x020000
Jan 09 21:11:46 mapryl kernel: pci 0000:00:03.0: reg 0x10: [mem 0xf0200000-0xf021ffff]
Jan 09 21:11:46 mapryl kernel: pci 0000:00:03.0: reg 0x18: [io  0xd020-0xd027]
Jan 09 21:11:46 mapryl kernel: pci 0000:00:04.0: [80ee:cafe] type 00 class 0x088000
Jan 09 21:11:46 mapryl kernel: pci 0000:00:04.0: reg 0x10: [io  0xd040-0xd05f]
Jan 09 21:11:46 mapryl kernel: pci 0000:00:04.0: reg 0x14: [mem 0xf0400000-0xf07fffff]
Jan 09 21:11:46 mapryl kernel: pci 0000:00:04.0: reg 0x18: [mem 0xf0800000-0xf0803fff pref]
Jan 09 21:11:46 mapryl kernel: pci 0000:00:05.0: [8086:2415] type 00 class 0x040100
Jan 09 21:11:46 mapryl kernel: pci 0000:00:05.0: reg 0x10: [io  0xd100-0xd1ff]
Jan 09 21:11:46 mapryl kernel: pci 0000:00:05.0: reg 0x14: [io  0xd200-0xd23f]
Jan 09 21:11:46 mapryl kernel: pci 0000:00:06.0: [106b:003f] type 00 class 0x0c0310
Jan 09 21:11:46 mapryl kernel: pci 0000:00:06.0: reg 0x10: [mem 0xf0804000-0xf0804fff]
Jan 09 21:11:46 mapryl kernel: pci 0000:00:07.0: [8086:7113] type 00 class 0x068000
Jan 09 21:11:46 mapryl kernel: pci 0000:00:07.0: quirk: [io  0x4000-0x403f] claimed by PIIX4 ACPI
Jan 09 21:11:46 mapryl kernel: pci 0000:00:07.0: quirk: [io  0x4100-0x410f] claimed by PIIX4 SMB
Jan 09 21:11:46 mapryl kernel: pci 0000:00:0d.0: [8086:2829] type 00 class 0x010601
Jan 09 21:11:46 mapryl kernel: pci 0000:00:0d.0: reg 0x10: [io  0xd240-0xd247]
Jan 09 21:11:46 mapryl kernel: pci 0000:00:0d.0: reg 0x14: [io  0xd248-0xd24b]
Jan 09 21:11:46 mapryl kernel: pci 0000:00:0d.0: reg 0x18: [io  0xd250-0xd257]
Jan 09 21:11:46 mapryl kernel: pci 0000:00:0d.0: reg 0x1c: [io  0xd258-0xd25b]
Jan 09 21:11:46 mapryl kernel: pci 0000:00:0d.0: reg 0x20: [io  0xd260-0xd26f]
Jan 09 21:11:46 mapryl kernel: pci 0000:00:0d.0: reg 0x24: [mem 0xf0806000-0xf0807fff]
Jan 09 21:11:46 mapryl kernel: ACPI: PCI Interrupt Link [LNKA] (IRQs 5 9 10 *11)
Jan 09 21:11:46 mapryl kernel: ACPI: PCI Interrupt Link [LNKB] (IRQs 5 9 *10 11)
Jan 09 21:11:46 mapryl kernel: ACPI: PCI Interrupt Link [LNKC] (IRQs 5 *9 10 11)
Jan 09 21:11:46 mapryl kernel: ACPI: PCI Interrupt Link [LNKD] (IRQs 5 9 10 *11)
Jan 09 21:11:46 mapryl kernel: iommu: Default domain type: Translated 
Jan 09 21:11:46 mapryl kernel: pci 0000:00:02.0: vgaarb: setting as boot VGA device
Jan 09 21:11:46 mapryl kernel: pci 0000:00:02.0: vgaarb: VGA device added: decodes=io+mem,owns=io+mem,locks=none
Jan 09 21:11:46 mapryl kernel: pci 0000:00:02.0: vgaarb: bridge control possible
Jan 09 21:11:46 mapryl kernel: vgaarb: loaded
Jan 09 21:11:46 mapryl kernel: SCSI subsystem initialized
Jan 09 21:11:46 mapryl kernel: libata version 3.00 loaded.
Jan 09 21:11:46 mapryl kernel: ACPI: bus type USB registered
Jan 09 21:11:46 mapryl kernel: usbcore: registered new interface driver usbfs
Jan 09 21:11:46 mapryl kernel: usbcore: registered new interface driver hub
Jan 09 21:11:46 mapryl kernel: usbcore: registered new device driver usb
Jan 09 21:11:46 mapryl kernel: pps_core: LinuxPPS API ver. 1 registered
Jan 09 21:11:46 mapryl kernel: pps_core: Software ver. 5.3.6 - Copyright 2005-2007 Rodolfo Giometti <giometti@linux.it>
Jan 09 21:11:46 mapryl kernel: PTP clock support registered
Jan 09 21:11:46 mapryl kernel: Advanced Linux Sound Architecture Driver Initialized.
Jan 09 21:11:46 mapryl kernel: NetLabel: Initializing
Jan 09 21:11:46 mapryl kernel: NetLabel:  domain hash size = 128
Jan 09 21:11:46 mapryl kernel: NetLabel:  protocols = UNLABELED CIPSOv4 CALIPSO
Jan 09 21:11:46 mapryl kernel: NetLabel:  unlabeled traffic allowed by default
Jan 09 21:11:46 mapryl kernel: PCI: Using ACPI for IRQ routing
Jan 09 21:11:46 mapryl kernel: PCI: pci_cache_line_size set to 64 bytes
Jan 09 21:11:46 mapryl kernel: e820: reserve RAM buffer [mem 0x0009fc00-0x0009ffff]
Jan 09 21:11:46 mapryl kernel: e820: reserve RAM buffer [mem 0xdfff0000-0xdfffffff]
Jan 09 21:11:46 mapryl kernel: e820: reserve RAM buffer [mem 0x15b100000-0x15bffffff]
Jan 09 21:11:46 mapryl kernel: clocksource: Switched to clocksource tsc-early
Jan 09 21:11:46 mapryl kernel: VFS: Disk quotas dquot_6.6.0
Jan 09 21:11:46 mapryl kernel: VFS: Dquot-cache hash table entries: 512 (order 0, 4096 bytes)
Jan 09 21:11:46 mapryl kernel: pnp: PnP ACPI init
Jan 09 21:11:46 mapryl kernel: pnp 00:00: Plug and Play ACPI device, IDs PNP0303 (active)
Jan 09 21:11:46 mapryl kernel: pnp 00:01: Plug and Play ACPI device, IDs PNP0f03 (active)
Jan 09 21:11:46 mapryl kernel: pnp: PnP ACPI: found 2 devices
Jan 09 21:11:46 mapryl kernel: clocksource: acpi_pm: mask: 0xffffff max_cycles: 0xffffff, max_idle_ns: 2085701024 ns
Jan 09 21:11:46 mapryl kernel: NET: Registered protocol family 2
Jan 09 21:11:46 mapryl kernel: tcp_listen_portaddr_hash hash table entries: 4096 (order: 4, 65536 bytes, linear)
Jan 09 21:11:46 mapryl kernel: TCP established hash table entries: 65536 (order: 7, 524288 bytes, linear)
Jan 09 21:11:46 mapryl kernel: TCP bind hash table entries: 65536 (order: 8, 1048576 bytes, linear)
Jan 09 21:11:46 mapryl kernel: TCP: Hash tables configured (established 65536 bind 65536)
Jan 09 21:11:46 mapryl kernel: UDP hash table entries: 4096 (order: 5, 131072 bytes, linear)
Jan 09 21:11:46 mapryl kernel: UDP-Lite hash table entries: 4096 (order: 5, 131072 bytes, linear)
Jan 09 21:11:46 mapryl kernel: NET: Registered protocol family 1
Jan 09 21:11:46 mapryl kernel: RPC: Registered named UNIX socket transport module.
Jan 09 21:11:46 mapryl kernel: RPC: Registered udp transport module.
Jan 09 21:11:46 mapryl kernel: RPC: Registered tcp transport module.
Jan 09 21:11:46 mapryl kernel: RPC: Registered tcp NFSv4.1 backchannel transport module.
Jan 09 21:11:46 mapryl kernel: pci_bus 0000:00: resource 4 [io  0x0000-0x0cf7 window]
Jan 09 21:11:46 mapryl kernel: pci_bus 0000:00: resource 5 [io  0x0d00-0xffff window]
Jan 09 21:11:46 mapryl kernel: pci_bus 0000:00: resource 6 [mem 0x000a0000-0x000bffff window]
Jan 09 21:11:46 mapryl kernel: pci_bus 0000:00: resource 7 [mem 0xe0000000-0xfdffffff window]
Jan 09 21:11:46 mapryl kernel: pci 0000:00:00.0: Limiting direct PCI/PCI transfers
Jan 09 21:11:46 mapryl kernel: pci 0000:00:01.0: Activating ISA DMA hang workarounds
Jan 09 21:11:46 mapryl kernel: pci 0000:00:02.0: Video device with shadowed ROM at [mem 0x000c0000-0x000dffff]
Jan 09 21:11:46 mapryl kernel: PCI: CLS 0 bytes, default 64
Jan 09 21:11:46 mapryl kernel: PCI-DMA: Using software bounce buffering for IO (SWIOTLB)
Jan 09 21:11:46 mapryl kernel: software IO TLB: mapped [mem 0x00000000dbff0000-0x00000000dfff0000] (64MB)
Jan 09 21:11:46 mapryl kernel: RAPL PMU: API unit is 2^-32 Joules, 0 fixed counters, 10737418240 ms ovfl timer
Jan 09 21:11:46 mapryl kernel: platform rtc_cmos: registered platform RTC device (no PNP device found)
Jan 09 21:11:46 mapryl kernel: check: Scanning for low memory corruption every 60 seconds
Jan 09 21:11:46 mapryl kernel: Initialise system trusted keyrings
Jan 09 21:11:46 mapryl kernel: workingset: timestamp_bits=56 max_order=21 bucket_order=0
Jan 09 21:11:46 mapryl kernel: NFS: Registering the id_resolver key type
Jan 09 21:11:46 mapryl kernel: Key type id_resolver registered
Jan 09 21:11:46 mapryl kernel: Key type id_legacy registered
Jan 09 21:11:46 mapryl kernel: Key type asymmetric registered
Jan 09 21:11:46 mapryl kernel: Asymmetric key parser 'x509' registered
Jan 09 21:11:46 mapryl kernel: Block layer SCSI generic (bsg) driver version 0.4 loaded (major 251)
Jan 09 21:11:46 mapryl kernel: io scheduler mq-deadline registered
Jan 09 21:11:46 mapryl kernel: io scheduler kyber registered
Jan 09 21:11:46 mapryl kernel: vesafb: mode is 1024x768x32, linelength=4096, pages=0
Jan 09 21:11:46 mapryl kernel: vesafb: scrolling: redraw
Jan 09 21:11:46 mapryl kernel: vesafb: Truecolor: size=8:8:8:8, shift=24:16:8:0
Jan 09 21:11:46 mapryl kernel: vesafb: framebuffer at 0xe0000000, mapped to 0x0000000026bfdbaa, using 3072k, total 3072k
Jan 09 21:11:46 mapryl kernel: Console: switching to colour frame buffer device 128x48
Jan 09 21:11:46 mapryl kernel: fb0: VESA VGA frame buffer device
Jan 09 21:11:46 mapryl kernel: vga16fb: initializing
Jan 09 21:11:46 mapryl kernel: vga16fb: mapped to 0x000000009b24cc12
Jan 09 21:11:46 mapryl kernel: checking generic (e0000000 300000) vs hw (a0000 10000)
Jan 09 21:11:46 mapryl kernel: fb1: VGA16 VGA frame buffer device
Jan 09 21:11:46 mapryl kernel: ACPI: AC Adapter [AC] (on-line)
Jan 09 21:11:46 mapryl kernel: input: Power Button as /devices/LNXSYSTM:00/LNXPWRBN:00/input/input0
Jan 09 21:11:46 mapryl kernel: ACPI: Power Button [PWRF]
Jan 09 21:11:46 mapryl kernel: input: Sleep Button as /devices/LNXSYSTM:00/LNXSLPBN:00/input/input1
Jan 09 21:11:46 mapryl kernel: ACPI: Sleep Button [SLPF]
Jan 09 21:11:46 mapryl kernel: ACPI: Video Device [GFX0] (multi-head: yes  rom: no  post: no)
Jan 09 21:11:46 mapryl kernel: input: Video Bus as /devices/LNXSYSTM:00/LNXSYBUS:00/PNP0A03:00/LNXVIDEO:00/input/input2
Jan 09 21:11:46 mapryl kernel: Serial: 8250/16550 driver, 4 ports, IRQ sharing enabled
Jan 09 21:11:46 mapryl kernel: Non-volatile memory driver v1.3
Jan 09 21:11:46 mapryl kernel: Linux agpgart interface v0.103
Jan 09 21:11:46 mapryl kernel: loop: module loaded
Jan 09 21:11:46 mapryl kernel: ahci 0000:00:0d.0: version 3.0
Jan 09 21:11:46 mapryl kernel: ahci 0000:00:0d.0: SSS flag set, parallel bus scan disabled
Jan 09 21:11:46 mapryl kernel: ahci 0000:00:0d.0: AHCI 0001.0100 32 slots 1 ports 3 Gbps 0x1 impl SATA mode
Jan 09 21:11:46 mapryl kernel: ahci 0000:00:0d.0: flags: 64bit ncq stag only ccc 
Jan 09 21:11:46 mapryl kernel: scsi host0: ahci
Jan 09 21:11:46 mapryl kernel: ata1: SATA max UDMA/133 abar m8192@0xf0806000 port 0xf0806100 irq 21
Jan 09 21:11:46 mapryl kernel: ata_piix 0000:00:01.1: version 2.13
Jan 09 21:11:46 mapryl kernel: scsi host1: ata_piix
Jan 09 21:11:46 mapryl kernel: scsi host2: ata_piix
Jan 09 21:11:46 mapryl kernel: ata2: PATA max UDMA/33 cmd 0x1f0 ctl 0x3f6 bmdma 0xd000 irq 14
Jan 09 21:11:46 mapryl kernel: ata3: PATA max UDMA/33 cmd 0x170 ctl 0x376 bmdma 0xd008 irq 15
Jan 09 21:11:46 mapryl kernel: e100: Intel(R) PRO/100 Network Driver
Jan 09 21:11:46 mapryl kernel: e100: Copyright(c) 1999-2006 Intel Corporation
Jan 09 21:11:46 mapryl kernel: e1000: Intel(R) PRO/1000 Network Driver
Jan 09 21:11:46 mapryl kernel: e1000: Copyright (c) 1999-2006 Intel Corporation.
Jan 09 21:11:46 mapryl kernel: ata2.00: ATAPI: VBOX CD-ROM, 1.0, max UDMA/133
Jan 09 21:11:46 mapryl kernel: ata1: SATA link up 3.0 Gbps (SStatus 123 SControl 300)
Jan 09 21:11:46 mapryl kernel: ata1.00: ATA-6: VBOX HARDDISK, 1.0, max UDMA/133
Jan 09 21:11:46 mapryl kernel: ata1.00: 85870464 sectors, multi 128: LBA48 NCQ (depth 32)
Jan 09 21:11:46 mapryl kernel: ata1.00: configured for UDMA/133
Jan 09 21:11:46 mapryl kernel: scsi 0:0:0:0: Direct-Access     ATA      VBOX HARDDISK    1.0  PQ: 0 ANSI: 5
Jan 09 21:11:46 mapryl kernel: sd 0:0:0:0: [sda] 85870464 512-byte logical blocks: (44.0 GB/40.9 GiB)
Jan 09 21:11:46 mapryl kernel: sd 0:0:0:0: Attached scsi generic sg0 type 0
Jan 09 21:11:46 mapryl kernel: sd 0:0:0:0: [sda] Write Protect is off
Jan 09 21:11:46 mapryl kernel: sd 0:0:0:0: [sda] Mode Sense: 00 3a 00 00
Jan 09 21:11:46 mapryl kernel: sd 0:0:0:0: [sda] Write cache: enabled, read cache: enabled, doesn't support DPO or FUA
Jan 09 21:11:46 mapryl kernel: scsi 1:0:0:0: CD-ROM            VBOX     CD-ROM           1.0  PQ: 0 ANSI: 5
Jan 09 21:11:46 mapryl kernel:  sda: sda1 sda2 sda3
Jan 09 21:11:46 mapryl kernel: sd 0:0:0:0: [sda] Attached SCSI disk
Jan 09 21:11:46 mapryl kernel: tsc: Refined TSC clocksource calibration: 3192.763 MHz
Jan 09 21:11:46 mapryl kernel: sr 1:0:0:0: [sr0] scsi3-mmc drive: 32x/32x xa/form2 tray
Jan 09 21:11:46 mapryl kernel: clocksource: tsc: mask: 0xffffffffffffffff max_cycles: 0x2e05954864b, max_idle_ns: 440795208919 ns
Jan 09 21:11:46 mapryl kernel: cdrom: Uniform CD-ROM driver Revision: 3.20
Jan 09 21:11:46 mapryl kernel: clocksource: Switched to clocksource tsc
Jan 09 21:11:46 mapryl kernel: e1000 0000:00:03.0 eth0: (PCI:33MHz:32-bit) 08:00:27:76:c4:06
Jan 09 21:11:46 mapryl kernel: e1000 0000:00:03.0 eth0: Intel(R) PRO/1000 Network Connection
Jan 09 21:11:46 mapryl kernel: e1000e: Intel(R) PRO/1000 Network Driver
Jan 09 21:11:46 mapryl kernel: e1000e: Copyright(c) 1999 - 2015 Intel Corporation.
Jan 09 21:11:46 mapryl kernel: sky2: driver version 1.30
Jan 09 21:11:46 mapryl kernel: sr 1:0:0:0: Attached scsi CD-ROM sr0
Jan 09 21:11:46 mapryl kernel: ehci_hcd: USB 2.0 'Enhanced' Host Controller (EHCI) Driver
Jan 09 21:11:46 mapryl kernel: sr 1:0:0:0: Attached scsi generic sg1 type 5
Jan 09 21:11:46 mapryl kernel: ehci-pci: EHCI PCI platform driver
Jan 09 21:11:46 mapryl kernel: ohci_hcd: USB 1.1 'Open' Host Controller (OHCI) Driver
Jan 09 21:11:46 mapryl kernel: ohci-pci: OHCI PCI platform driver
Jan 09 21:11:46 mapryl kernel: ohci-pci 0000:00:06.0: OHCI PCI host controller
Jan 09 21:11:46 mapryl kernel: ohci-pci 0000:00:06.0: new USB bus registered, assigned bus number 1
Jan 09 21:11:46 mapryl kernel: ohci-pci 0000:00:06.0: irq 22, io mem 0xf0804000
Jan 09 21:11:46 mapryl kernel: usb usb1: New USB device found, idVendor=1d6b, idProduct=0001, bcdDevice= 5.11
Jan 09 21:11:46 mapryl kernel: usb usb1: New USB device strings: Mfr=3, Product=2, SerialNumber=1
Jan 09 21:11:46 mapryl kernel: usb usb1: Product: OHCI PCI host controller
Jan 09 21:11:46 mapryl kernel: usb usb1: Manufacturer: Linux 5.11.0-rc2-thor_kernel-00143-gd30704298edd ohci_hcd
Jan 09 21:11:46 mapryl kernel: usb usb1: SerialNumber: 0000:00:06.0
Jan 09 21:11:46 mapryl kernel: hub 1-0:1.0: USB hub found
Jan 09 21:11:46 mapryl kernel: hub 1-0:1.0: 12 ports detected
Jan 09 21:11:46 mapryl kernel: uhci_hcd: USB Universal Host Controller Interface driver
Jan 09 21:11:46 mapryl kernel: usbcore: registered new interface driver usblp
Jan 09 21:11:46 mapryl kernel: usbcore: registered new interface driver usb-storage
Jan 09 21:11:46 mapryl kernel: i8042: PNP: PS/2 Controller [PNP0303:PS2K,PNP0f03:PS2M] at 0x60,0x64 irq 1,12
Jan 09 21:11:46 mapryl kernel: serio: i8042 KBD port at 0x60,0x64 irq 1
Jan 09 21:11:46 mapryl kernel: serio: i8042 AUX port at 0x60,0x64 irq 12
Jan 09 21:11:46 mapryl kernel: input: AT Translated Set 2 keyboard as /devices/platform/i8042/serio0/input/input3
Jan 09 21:11:46 mapryl kernel: rtc_cmos rtc_cmos: registered as rtc0
Jan 09 21:11:46 mapryl kernel: rtc_cmos rtc_cmos: alarms up to one day, 114 bytes nvram
Jan 09 21:11:46 mapryl kernel: device-mapper: ioctl: 4.43.0-ioctl (2020-10-01) initialised: dm-devel@redhat.com
Jan 09 21:11:46 mapryl kernel: intel_pstate: CPU model not supported
Jan 09 21:11:46 mapryl kernel: hid: raw HID events driver (C) Jiri Kosina
Jan 09 21:11:46 mapryl kernel: usbcore: registered new interface driver usbhid
Jan 09 21:11:46 mapryl kernel: usbhid: USB HID core driver
Jan 09 21:11:46 mapryl kernel: Initializing XFRM netlink socket
Jan 09 21:11:46 mapryl kernel: NET: Registered protocol family 10
Jan 09 21:11:46 mapryl kernel: Segment Routing with IPv6
Jan 09 21:11:46 mapryl kernel: sit: IPv6, IPv4 and MPLS over IPv4 tunneling driver
Jan 09 21:11:46 mapryl kernel: NET: Registered protocol family 17
Jan 09 21:11:46 mapryl kernel: Key type dns_resolver registered
Jan 09 21:11:46 mapryl kernel: IPI shorthand broadcast: enabled
Jan 09 21:11:46 mapryl kernel: sched_clock: Marking stable (2263868498, -6977552)->(2314654992, -57764046)
Jan 09 21:11:46 mapryl kernel: registered taskstats version 1
Jan 09 21:11:46 mapryl kernel: Loading compiled-in X.509 certificates
Jan 09 21:11:46 mapryl kernel: PM:   Magic number: 5:489:196
Jan 09 21:11:46 mapryl kernel: printk: console [netcon0] enabled
Jan 09 21:11:46 mapryl kernel: netconsole: network logging started
Jan 09 21:11:46 mapryl kernel: cfg80211: Loading compiled-in X.509 certificates for regulatory database
Jan 09 21:11:46 mapryl kernel: kworker/u8:1 (84) used greatest stack depth: 14920 bytes left
Jan 09 21:11:46 mapryl kernel: cryptomgr_probe (86) used greatest stack depth: 14432 bytes left
Jan 09 21:11:46 mapryl kernel: cfg80211: Loaded X.509 cert 'sforshee: 00b28ddf47aef9cea7'
Jan 09 21:11:46 mapryl kernel: platform regulatory.0: Direct firmware load for regulatory.db failed with error -2
Jan 09 21:11:46 mapryl kernel: ALSA device list:
Jan 09 21:11:46 mapryl kernel: cfg80211: failed to load regulatory.db
Jan 09 21:11:46 mapryl kernel:   No soundcards found.
Jan 09 21:11:46 mapryl kernel: input: ImExPS/2 Generic Explorer Mouse as /devices/platform/i8042/serio1/input/input5
Jan 09 21:11:46 mapryl kernel: md: Waiting for all devices to be available before autodetect
Jan 09 21:11:46 mapryl kernel: md: If you don't use raid, use raid=noautodetect
Jan 09 21:11:46 mapryl kernel: md: Autodetecting RAID arrays.
Jan 09 21:11:46 mapryl kernel: md: autorun ...
Jan 09 21:11:46 mapryl kernel: md: ... autorun DONE.
Jan 09 21:11:46 mapryl kernel: EXT4-fs (sda3): mounted filesystem with ordered data mode. Opts: (null). Quota mode: none.
Jan 09 21:11:46 mapryl kernel: VFS: Mounted root (ext4 filesystem) readonly on device 8:3.
Jan 09 21:11:46 mapryl kernel: devtmpfs: mounted
Jan 09 21:11:46 mapryl kernel: Freeing unused kernel image (initmem) memory: 1180K
Jan 09 21:11:46 mapryl kernel: Write protecting the kernel read-only data: 20480k
Jan 09 21:11:46 mapryl kernel: usb 1-1: new full-speed USB device number 2 using ohci-pci
Jan 09 21:11:46 mapryl kernel: Freeing unused kernel image (text/rodata gap) memory: 2032K
Jan 09 21:11:46 mapryl kernel: Freeing unused kernel image (rodata/data gap) memory: 668K
Jan 09 21:11:46 mapryl kernel: Run /sbin/init as init process
Jan 09 21:11:46 mapryl kernel:   with arguments:
Jan 09 21:11:46 mapryl kernel:     /sbin/init
Jan 09 21:11:46 mapryl kernel:   with environment:
Jan 09 21:11:46 mapryl kernel:     HOME=/
Jan 09 21:11:46 mapryl kernel:     TERM=linux
Jan 09 21:11:46 mapryl kernel:     BOOT_IMAGE=/vmlinuz-5.11rc2_x86_64
Jan 09 21:11:46 mapryl kernel: usb 1-1: New USB device found, idVendor=80ee, idProduct=0021, bcdDevice= 1.00
Jan 09 21:11:46 mapryl kernel: usb 1-1: New USB device strings: Mfr=1, Product=3, SerialNumber=0
Jan 09 21:11:46 mapryl kernel: usb 1-1: Product: USB Tablet
Jan 09 21:11:46 mapryl kernel: usb 1-1: Manufacturer: VirtualBox
Jan 09 21:11:46 mapryl kernel: input: VirtualBox USB Tablet as /devices/pci0000:00/0000:00:06.0/usb1/1-1/1-1:1.0/0003:80EE:0021.0001/input/input6
Jan 09 21:11:46 mapryl kernel: random: fast init done
Jan 09 21:11:46 mapryl kernel: hid-generic 0003:80EE:0021.0001: input,hidraw0: USB HID v1.10 Mouse [VirtualBox USB Tablet] on usb-0000:00:06.0-1/input0
Jan 09 21:11:46 mapryl systemd[1]: systemd 246 running in system mode. (-PAM -AUDIT -SELINUX +IMA -APPARMOR +SMACK +SYSVINIT +UTMP -LIBCRYPTSETUP -GCRYPT -GNUTLS +ACL +XZ -LZ4 +ZSTD -SECCOMP +BLKID -ELFUTILS +KMOD -IDN2 -IDN -PCRE2 default-hierarchy=unified)
Jan 09 21:11:46 mapryl systemd[1]: Detected virtualization oracle.
Jan 09 21:11:46 mapryl systemd[1]: Detected architecture x86-64.
Jan 09 21:11:46 mapryl systemd[1]: Set hostname to <mapryl>.
Jan 09 21:11:46 mapryl kernel: systemd-debug-g (94) used greatest stack depth: 13576 bytes left
Jan 09 21:11:46 mapryl kernel: random: crng init done
Jan 09 21:11:46 mapryl kernel: systemd-fstab-g (95) used greatest stack depth: 13144 bytes left
Jan 09 21:11:46 mapryl systemd[1]: Queued start job for default target Graphical Interface.
Jan 09 21:11:46 mapryl systemd[1]: system-getty.slice: unit configures an IP firewall, but the local system does not support BPF/cgroup firewalling.
Jan 09 21:11:46 mapryl systemd[1]: (This warning is only shown for the first unit using IP firewalling.)
Jan 09 21:11:46 mapryl systemd[1]: Created slice system-getty.slice.
Jan 09 21:11:46 mapryl systemd[1]: Created slice system-modprobe.slice.
Jan 09 21:11:46 mapryl systemd[1]: Created slice system-systemd\x2dfsck.slice.
Jan 09 21:11:46 mapryl systemd[1]: Created slice User and Session Slice.
Jan 09 21:11:46 mapryl systemd[1]: Started Dispatch Password Requests to Console Directory Watch.
Jan 09 21:11:46 mapryl systemd[1]: Started Forward Password Requests to Wall Directory Watch.
Jan 09 21:11:46 mapryl systemd[1]: Set up automount Arbitrary Executable File Formats File System Automount Point.
Jan 09 21:11:46 mapryl systemd[1]: Reached target Paths.
Jan 09 21:11:46 mapryl systemd[1]: Reached target Remote File Systems.
Jan 09 21:11:46 mapryl systemd[1]: Reached target Slices.
Jan 09 21:11:46 mapryl systemd[1]: Listening on Process Core Dump Socket.
Jan 09 21:11:46 mapryl systemd[1]: Listening on initctl Compatibility Named Pipe.
Jan 09 21:11:46 mapryl systemd[1]: Condition check resulted in Journal Audit Socket being skipped.
Jan 09 21:11:46 mapryl systemd[1]: Listening on Journal Socket (/dev/log).
Jan 09 21:11:46 mapryl systemd[1]: Listening on Journal Socket.
Jan 09 21:11:46 mapryl systemd[1]: Listening on Network Service Netlink Socket.
Jan 09 21:11:46 mapryl systemd[1]: Listening on udev Control Socket.
Jan 09 21:11:46 mapryl systemd[1]: Listening on udev Kernel Socket.
Jan 09 21:11:46 mapryl systemd[1]: Mounting Huge Pages File System...
Jan 09 21:11:46 mapryl systemd[1]: Mounting POSIX Message Queue File System...
Jan 09 21:11:46 mapryl systemd[1]: Mounting Arbitrary Executable File Formats File System...
Jan 09 21:11:46 mapryl systemd[1]: Mounting Kernel Debug File System...
Jan 09 21:11:46 mapryl systemd[1]: Mounting Kernel Trace File System...
Jan 09 21:11:46 mapryl systemd[1]: Condition check resulted in Create list of static device nodes for the current kernel being skipped.
Jan 09 21:11:46 mapryl systemd[1]: Condition check resulted in Load Kernel Module drm being skipped.
Jan 09 21:11:46 mapryl systemd[1]: Starting File System Check on Root Device...
Jan 09 21:11:46 mapryl systemd[1]: Starting Journal Service...
Jan 09 21:11:46 mapryl systemd[1]: Condition check resulted in Load Kernel Modules being skipped.
Jan 09 21:11:46 mapryl systemd[1]: Condition check resulted in FUSE Control File System being skipped.
Jan 09 21:11:46 mapryl systemd[1]: Condition check resulted in Kernel Configuration File System being skipped.
Jan 09 21:11:46 mapryl systemd-journald[111]: Journal started
Jan 09 21:11:46 mapryl systemd-journald[111]: Runtime Journal (/run/log/journal/87d02ddee6ee4aa18c51462ea60338a5) is 8.0M, max 97.1M, 89.1M free.
Jan 09 21:11:46 mapryl systemd[1]: Condition check resulted in Repartition Root Disk being skipped.
Jan 09 21:11:46 mapryl systemd[1]: Starting Apply Kernel Variables...
Jan 09 21:11:46 mapryl systemd[1]: Starting Create Static Device Nodes in /dev...
Jan 09 21:11:46 mapryl systemd[1]: Starting Coldplug All udev Devices...
Jan 09 21:11:46 mapryl systemd[1]: Started Journal Service.
Jan 09 21:11:46 mapryl systemd[1]: Mounted Huge Pages File System.
Jan 09 21:11:46 mapryl systemd[1]: Mounted POSIX Message Queue File System.
Jan 09 21:11:46 mapryl systemd[1]: Mounted Arbitrary Executable File Formats File System.
Jan 09 21:11:46 mapryl systemd[1]: Mounted Kernel Debug File System.
Jan 09 21:11:46 mapryl systemd[1]: Mounted Kernel Trace File System.
Jan 09 21:11:46 mapryl systemd-sysctl[113]: Not setting net/ipv4/conf/all/rp_filter (explicit setting exists).
Jan 09 21:11:46 mapryl systemd-sysctl[113]: Not setting net/ipv4/conf/default/rp_filter (explicit setting exists).
Jan 09 21:11:46 mapryl systemd-sysctl[113]: Not setting net/ipv4/conf/all/accept_source_route (explicit setting exists).
Jan 09 21:11:46 mapryl systemd-sysctl[113]: Not setting net/ipv4/conf/default/accept_source_route (explicit setting exists).
Jan 09 21:11:46 mapryl systemd-sysctl[113]: Not setting net/ipv4/conf/all/promote_secondaries (explicit setting exists).
Jan 09 21:11:46 mapryl systemd-sysctl[113]: Not setting net/ipv4/conf/default/promote_secondaries (explicit setting exists).
Jan 09 21:11:46 mapryl systemd-sysctl[113]: Couldn't write 'fq_codel' to 'net/core/default_qdisc', ignoring: No such file or directory
Jan 09 21:11:46 mapryl systemd[1]: Condition check resulted in Set Up Additional Binary Formats being skipped.
Jan 09 21:11:46 mapryl systemd[1]: Finished Apply Kernel Variables.
Jan 09 21:11:46 mapryl systemd-fsck[112]: /dev/sda3: clean, 225406/655360 files, 1827793/2621440 blocks
Jan 09 21:11:46 mapryl systemd[1]: Finished File System Check on Root Device.
Jan 09 21:11:46 mapryl systemd[1]: Starting Remount Root and Kernel File Systems...
Jan 09 21:11:46 mapryl systemd[1]: Finished Coldplug All udev Devices.
Jan 09 21:11:46 mapryl kernel: EXT4-fs (sda3): re-mounted. Opts: barrier=1. Quota mode: none.
Jan 09 21:11:46 mapryl systemd[1]: Finished Remount Root and Kernel File Systems.
Jan 09 21:11:46 mapryl systemd[1]: Finished Create Static Device Nodes in /dev.
Jan 09 21:11:46 mapryl systemd[1]: Reached target Local File Systems (Pre).
Jan 09 21:11:46 mapryl systemd[1]: Condition check resulted in Virtual Machine and Container Storage (Compatibility) being skipped.
Jan 09 21:11:46 mapryl systemd[1]: Reached target Containers.
Jan 09 21:11:46 mapryl systemd[1]: Condition check resulted in Rebuild Hardware Database being skipped.
Jan 09 21:11:46 mapryl systemd[1]: Starting Flush Journal to Persistent Storage...
Jan 09 21:11:46 mapryl systemd[1]: Condition check resulted in Platform Persistent Storage Archival being skipped.
Jan 09 21:11:46 mapryl systemd[1]: Starting Load/Save Random Seed...
Jan 09 21:11:46 mapryl systemd-journald[111]: Time spent on flushing to /var/log/journal/87d02ddee6ee4aa18c51462ea60338a5 is 24.992ms for 500 entries.
Jan 09 21:11:46 mapryl systemd-journald[111]: System Journal (/var/log/journal/87d02ddee6ee4aa18c51462ea60338a5) is 248.1M, max 982.3M, 734.2M free.
Jan 09 21:11:48 mapryl kernel: e1000 0000:00:03.0 enp0s3: renamed from eth0
Jan 09 21:11:48 mapryl kernel: e1000: enp0s3 NIC Link is Up 1000 Mbps Full Duplex, Flow Control: RX
Jan 09 21:11:48 mapryl kernel: IPv6: ADDRCONF(NETDEV_CHANGE): enp0s3: link becomes ready
Jan 09 21:11:46 mapryl systemd[1]: Starting Rule-based Manager for Device Events and Files...
Jan 09 21:11:47 mapryl systemd[1]: Finished Load/Save Random Seed.
Jan 09 21:11:47 mapryl systemd[1]: Started Rule-based Manager for Device Events and Files.
Jan 09 21:11:47 mapryl systemd[1]: Starting Network Service...
Jan 09 21:11:47 mapryl systemd-udevd[147]: ethtool: autonegotiation is unset or enabled, the speed and duplex are not writable.
Jan 09 21:11:47 mapryl systemd-udevd[150]: ethtool: autonegotiation is unset or enabled, the speed and duplex are not writable.
Jan 09 21:11:47 mapryl systemd[1]: Listening on Load/Save RF Kill Switch Status /dev/rfkill Watch.
Jan 09 21:11:47 mapryl systemd-udevd[143]: Using default interface naming scheme 'v245'.
Jan 09 21:11:47 mapryl systemd-udevd[143]: ethtool: autonegotiation is unset or enabled, the speed and duplex are not writable.
Jan 09 21:11:48 mapryl systemd-networkd[134]: Enumeration completed
Jan 09 21:11:48 mapryl systemd[1]: Started Network Service.
Jan 09 21:11:48 mapryl systemd-networkd[134]: enp0s3: IPv6 successfully enabled
Jan 09 21:11:48 mapryl systemd-networkd[134]: enp0s3: Link UP
Jan 09 21:11:48 mapryl systemd-networkd[134]: enp0s3: Gained carrier
Jan 09 21:11:48 mapryl systemd-networkd[134]: enp0s3: DHCPv4 address 10.0.2.15/24 via 10.0.2.2
Jan 09 21:11:48 mapryl systemd[1]: Finished Flush Journal to Persistent Storage.
Jan 09 21:11:48 mapryl systemd[1]: Found device VBOX_HARDDISK 2.
Jan 09 21:11:48 mapryl systemd[1]: Found device VBOX_HARDDISK 1.
Jan 09 21:11:48 mapryl systemd[1]: Activating swap /dev/sda2...
Jan 09 21:11:48 mapryl systemd[1]: Starting File System Check on /dev/sda1...
Jan 09 21:11:48 mapryl systemd-fsck[167]: /dev/sda1: clean, 304/32768 files, 13317/32768 blocks
Jan 09 21:11:48 mapryl systemd[1]: Finished File System Check on /dev/sda1.
Jan 09 21:11:48 mapryl kernel: Adding 2097148k swap on /dev/sda2.  Priority:1 extents:1 across:2097148k 
Jan 09 21:11:48 mapryl systemd-udevd[146]: vtcon1: Process '/lib/systemd/systemd-vconsole-setup' failed with exit code 1.
Jan 09 21:11:48 mapryl systemd-udevd[150]: vtcon0: Process '/lib/systemd/systemd-vconsole-setup' failed with exit code 1.
Jan 09 21:11:48 mapryl systemd[1]: Mounting /boot...
Jan 09 21:11:48 mapryl kernel: EXT4-fs (sda1): mounted filesystem with ordered data mode. Opts: (null). Quota mode: none.
Jan 09 21:11:48 mapryl kernel: ext4 filesystem being mounted at /boot supports timestamps until 2038 (0x7fffffff)
Jan 09 21:11:48 mapryl systemd[1]: Activated swap /dev/sda2.
Jan 09 21:11:48 mapryl systemd[1]: Mounted /boot.
Jan 09 21:11:48 mapryl systemd[1]: Reached target Swap.
Jan 09 21:11:48 mapryl systemd[1]: Mounting Temporary Directory (/tmp)...
Jan 09 21:11:49 mapryl systemd[1]: Mounted Temporary Directory (/tmp).
Jan 09 21:11:49 mapryl systemd[1]: Reached target Local File Systems.
Jan 09 21:11:49 mapryl systemd[1]: Condition check resulted in Store a System Token in an EFI Variable being skipped.
Jan 09 21:11:49 mapryl systemd[1]: Condition check resulted in Commit a transient machine-id on disk being skipped.
Jan 09 21:11:49 mapryl systemd[1]: Starting Create Volatile Files and Directories...
Jan 09 21:11:49 mapryl systemd[1]: Finished Create Volatile Files and Directories.
Jan 09 21:11:49 mapryl systemd[1]: Condition check resulted in Rebuild Journal Catalog being skipped.
Jan 09 21:11:49 mapryl systemd[1]: Starting Network Name Resolution...
Jan 09 21:11:49 mapryl systemd[1]: Starting Network Time Synchronization...
Jan 09 21:11:49 mapryl systemd[1]: Condition check resulted in Update is Completed being skipped.
Jan 09 21:11:49 mapryl systemd[1]: Starting Update UTMP about System Boot/Shutdown...
Jan 09 21:11:49 mapryl systemd[1]: Finished Update UTMP about System Boot/Shutdown.
Jan 09 21:11:49 mapryl systemd-timesyncd[176]: System clock time unset or jumped backwards, restoring from recorded timestamp: Sun 2021-01-10 11:52:04 UTC
Jan 10 11:52:04 mapryl systemd[1]: Started Network Time Synchronization.
Jan 10 11:52:04 mapryl systemd[1]: Reached target System Initialization.
Jan 10 11:52:04 mapryl systemd[1]: Started Daily Cleanup of Temporary Directories.
Jan 10 11:52:04 mapryl systemd[1]: Reached target System Time Set.
Jan 10 11:52:04 mapryl systemd[1]: Reached target System Time Synchronized.
Jan 10 11:52:04 mapryl systemd[1]: Started Daily man-db regeneration.
Jan 10 11:52:04 mapryl systemd[1]: Reached target Timers.
Jan 10 11:52:04 mapryl systemd-resolved[175]: Positive Trust Anchors:
Jan 10 11:52:04 mapryl systemd-resolved[175]: . IN DS 20326 8 2 e06d44b80b8f1d39a95c0b0d7c65d08458e880409bbc683457104237c7f8ec8d
Jan 10 11:52:04 mapryl systemd-resolved[175]: Negative trust anchors: 10.in-addr.arpa 16.172.in-addr.arpa 17.172.in-addr.arpa 18.172.in-addr.arpa 19.172.in-addr.arpa 20.172.in-addr.arpa 21.172.in-addr.arpa 22.172.in-addr.arpa 23.172.in-addr.arpa 24.172.in-addr.arpa 25.172.in-addr.arpa 26.172.in-addr.arpa 27.172.in-addr.arpa 28.172.in-addr.arpa 29.172.in-addr.arpa 30.172.in-addr.arpa 31.172.in-addr.arpa 168.192.in-addr.arpa d.f.ip6.arpa corp home internal intranet lan local private test
Jan 10 11:52:04 mapryl systemd[1]: Listening on D-Bus System Message Bus Socket.
Jan 10 11:52:04 mapryl systemd[1]: Reached target Sockets.
Jan 10 11:52:04 mapryl systemd[1]: Reached target Basic System.
Jan 10 11:52:04 mapryl systemd[1]: Started D-Bus System Message Bus.
Jan 10 11:52:04 mapryl systemd[1]: Started Getty on tty1.
Jan 10 11:52:04 mapryl systemd[1]: Reached target Login Prompts.
Jan 10 11:52:04 mapryl systemd[1]: Starting Name Service Cache Daemon...
Jan 10 11:52:04 mapryl systemd[1]: Started OpenSSH Daemon.
Jan 10 11:52:04 mapryl systemd[1]: Starting User Login Management...
Jan 10 11:52:04 mapryl nscd[184]: 184 monitoring file `/etc/passwd` (1)
Jan 10 11:52:04 mapryl nscd[184]: 184 monitoring directory `/etc` (2)
Jan 10 11:52:04 mapryl nscd[184]: 184 monitoring file `/etc/group` (3)
Jan 10 11:52:04 mapryl nscd[184]: 184 monitoring directory `/etc` (2)
Jan 10 11:52:04 mapryl nscd[184]: 184 monitoring file `/etc/hosts` (4)
Jan 10 11:52:04 mapryl nscd[184]: 184 monitoring directory `/etc` (2)
Jan 10 11:52:04 mapryl nscd[184]: 184 disabled inotify-based monitoring for file `/etc/resolv.conf': No such file or directory
Jan 10 11:52:04 mapryl nscd[184]: 184 stat failed for file `/etc/resolv.conf'; will try again later: No such file or directory
Jan 10 11:52:04 mapryl nscd[184]: 184 monitoring file `/etc/services` (5)
Jan 10 11:52:04 mapryl nscd[184]: 184 monitoring directory `/etc` (2)
Jan 10 11:52:04 mapryl nscd[184]: 184 disabled inotify-based monitoring for file `/etc/netgroup': No such file or directory
Jan 10 11:52:04 mapryl nscd[184]: 184 stat failed for file `/etc/netgroup'; will try again later: No such file or directory
Jan 10 11:52:04 mapryl systemd-logind[183]: Watching system buttons on /dev/input/event0 (Power Button)
Jan 10 11:52:04 mapryl systemd-logind[183]: Watching system buttons on /dev/input/event1 (Sleep Button)
Jan 10 11:52:04 mapryl systemd-logind[183]: Watching system buttons on /dev/input/event3 (AT Translated Set 2 keyboard)
Jan 10 11:52:04 mapryl systemd-logind[183]: New seat seat0.
Jan 10 11:52:04 mapryl systemd[1]: Started Name Service Cache Daemon.
Jan 10 11:52:05 mapryl systemd-resolved[175]: Using system hostname 'mapryl'.
Jan 10 11:52:05 mapryl systemd[1]: Started Network Name Resolution.
Jan 10 11:52:05 mapryl systemd[1]: Reached target Network.
Jan 10 11:52:05 mapryl systemd[1]: Reached target Host and Network Name Lookups.
Jan 10 11:52:05 mapryl sshd[182]: Server listening on 0.0.0.0 port 22.
Jan 10 11:52:05 mapryl sshd[182]: Server listening on :: port 22.
Jan 10 11:52:05 mapryl systemd[1]: Started User Login Management.
Jan 10 11:52:05 mapryl systemd[1]: Reached target Multi-User System.
Jan 10 11:52:05 mapryl systemd[1]: Reached target Graphical Interface.
Jan 10 11:52:05 mapryl systemd[1]: Starting Update UTMP about System Runlevel Changes...
Jan 10 11:52:05 mapryl systemd[1]: systemd-update-utmp-runlevel.service: Succeeded.
Jan 10 11:52:05 mapryl systemd[1]: Finished Update UTMP about System Runlevel Changes.
Jan 10 11:52:05 mapryl systemd[1]: Startup finished in 3.082s (kernel) + 4.938s (userspace) = 8.021s.
Jan 10 11:52:05 mapryl systemd-networkd[134]: enp0s3: Gained IPv6LL
Jan 10 11:52:05 mapryl systemd-timesyncd[176]: Network configuration changed, trying to establish connection.
Jan 10 11:52:08 mapryl login[180]: ROOT LOGIN  on '/dev/tty1'
Jan 10 11:52:08 mapryl kernel: hrtimer: interrupt took 3154943 ns
Jan 10 11:52:21 mapryl nscd[184]: 184 monitored file `/etc/resolv.conf` changed (mtime)
Jan 10 11:52:21 mapryl nscd[184]: 184 monitoring file `/etc/resolv.conf` (6)
Jan 10 11:52:21 mapryl nscd[184]: 184 monitoring directory `/etc` (2)
Jan 10 11:52:24 mapryl nscd[184]: 184 checking for monitored file `/etc/netgroup': No such file or directory
Jan 10 11:52:24 mapryl kernel: systemd-udevd (143) used greatest stack depth: 12920 bytes left
Jan 10 11:53:15 mapryl systemd-timesyncd[176]: Initial synchronization to time server 216.239.35.8:123 (time3.google.com).
